INFO:     Started server process [252653]
INFO:     Waiting for application startup.
INFO:     Application startup complete.
INFO:     Uvicorn running on http://0.0.0.0:8000 (Press CTRL+C to quit)
INFO:     127.0.0.1:51420 - "POST /api/v1/generate HTTP/1.1" 404 Not Found
INFO:     127.0.0.1:48836 - "GET /api/v1/jobs HTTP/1.1" 200 OK
INFO:     127.0.0.1:52304 - "GET /api/v1/jobs HTTP/1.1" 200 OK
INFO:     127.0.0.1:38422 - "POST /api/v1/generate HTTP/1.1" 404 Not Found
2026-02-17 20:02:41,370 - mcq_generator.state_manager - INFO - Created job api_20260218_020240_ee7a98d7 for dataset Remixonwin/amtp-chunks-v1
INFO:     127.0.0.1:38110 - "POST /generate HTTP/1.1" 202 Accepted
2026-02-17 20:02:43,651 - mcq_generator.provider_client - WARNING - h2 package not found, HTTP/2 support disabled
2026-02-17 20:02:43,682 - mcq_generator.provider_client - INFO - Initialized ProviderClient: http://localhost:7543
2026-02-17 20:02:43,782 - mcq_generator.cache_manager - INFO - Initialized cache at .mcq_cache with 10.0GB limit
2026-02-17 20:02:43,803 - mcq_generator.generator - INFO - Initialized MCQGenerator
2026-02-17 20:02:43,803 - mcq_generator.api.tasks - INFO - Starting generation job api_20260218_020240_ee7a98d7 for dataset Remixonwin/amtp-chunks-v1
2026-02-17 20:02:43,819 - mcq_generator.generator - INFO - Resuming job api_20260218_020240_ee7a98d7 from index 0
2026-02-17 20:02:43,826 - mcq_generator.generator - INFO - Loading dataset: Remixonwin/amtp-chunks-v1
2026-02-17 20:02:44,211 - httpx - INFO - HTTP Request: HEAD https://huggingface.co/datasets/Remixonwin/amtp-chunks-v1/resolve/main/README.md "HTTP/1.1 307 Temporary Redirect"
2026-02-17 20:02:44,349 - httpx - INFO - HTTP Request: HEAD https://huggingface.co/api/resolve-cache/datasets/Remixonwin/amtp-chunks-v1/f30ffdf1e17c100e2e027b1ffc8687eee6a0b6a4/README.md "HTTP/1.1 200 OK"
2026-02-17 20:02:44,656 - httpx - INFO - HTTP Request: HEAD https://huggingface.co/datasets/Remixonwin/amtp-chunks-v1/resolve/f30ffdf1e17c100e2e027b1ffc8687eee6a0b6a4/amtp-chunks-v1.py "HTTP/1.1 404 Not Found"
2026-02-17 20:02:45,168 - httpx - INFO - HTTP Request: HEAD https://s3.amazonaws.com/datasets.huggingface.co/datasets/datasets/Remixonwin/amtp-chunks-v1/Remixonwin/amtp-chunks-v1.py "HTTP/1.1 404 Not Found"
2026-02-17 20:02:45,475 - httpx - INFO - HTTP Request: GET https://huggingface.co/api/datasets/Remixonwin/amtp-chunks-v1/revision/f30ffdf1e17c100e2e027b1ffc8687eee6a0b6a4 "HTTP/1.1 200 OK"
2026-02-17 20:02:45,786 - httpx - INFO - HTTP Request: HEAD https://huggingface.co/datasets/Remixonwin/amtp-chunks-v1/resolve/f30ffdf1e17c100e2e027b1ffc8687eee6a0b6a4/.huggingface.yaml "HTTP/1.1 404 Not Found"
2026-02-17 20:02:46,770 - httpx - INFO - HTTP Request: GET https://datasets-server.huggingface.co/info?dataset=Remixonwin/amtp-chunks-v1 "HTTP/1.1 200 OK"
2026-02-17 20:02:46,856 - httpx - INFO - HTTP Request: GET https://huggingface.co/api/datasets/Remixonwin/amtp-chunks-v1/tree/f30ffdf1e17c100e2e027b1ffc8687eee6a0b6a4/data?recursive=true&expand=false "HTTP/1.1 200 OK"
2026-02-17 20:02:47,011 - httpx - INFO - HTTP Request: GET https://huggingface.co/api/datasets/Remixonwin/amtp-chunks-v1/tree/f30ffdf1e17c100e2e027b1ffc8687eee6a0b6a4?recursive=false&expand=false "HTTP/1.1 200 OK"
2026-02-17 20:02:47,318 - httpx - INFO - HTTP Request: HEAD https://huggingface.co/datasets/Remixonwin/amtp-chunks-v1/resolve/f30ffdf1e17c100e2e027b1ffc8687eee6a0b6a4/dataset_infos.json "HTTP/1.1 404 Not Found"
2026-02-17 20:02:47,411 - mcq_generator.generator - INFO - Loaded 635 documents
2026-02-17 20:02:47,417 - mcq_generator.generator - INFO - Limited mode: Target 50 MCQs, will process up to 150 documents
2026-02-17 20:02:47,420 - mcq_generator.generator - INFO - Generating MCQ for document 511
2026-02-17 20:02:47,433 - httpx - INFO - HTTP Request: POST http://localhost:7543/v1/chat/completions "HTTP/1.1 500 Internal Server Error"
2026-02-17 20:02:47,434 - mcq_generator.provider_client - ERROR - Request failed (1/5): Server error '500 Internal Server Error' for url 'http://localhost:7543/v1/chat/completions'
For more information check: https://developer.mozilla.org/en-US/docs/Web/HTTP/Status/500
2026-02-17 20:02:48,439 - httpx - INFO - HTTP Request: POST http://localhost:7543/v1/chat/completions "HTTP/1.1 500 Internal Server Error"
2026-02-17 20:02:48,439 - mcq_generator.provider_client - ERROR - Request failed (2/5): Server error '500 Internal Server Error' for url 'http://localhost:7543/v1/chat/completions'
For more information check: https://developer.mozilla.org/en-US/docs/Web/HTTP/Status/500
2026-02-17 20:02:48,439 - mcq_generator.generator - ERROR - Generation failed for document 511: Server error '500 Internal Server Error' for url 'http://localhost:7543/v1/chat/completions'
For more information check: https://developer.mozilla.org/en-US/docs/Web/HTTP/Status/500
2026-02-17 20:02:48,440 - mcq_generator.generator - INFO - Generating MCQ for document 451
2026-02-17 20:02:48,444 - httpx - INFO - HTTP Request: POST http://localhost:7543/v1/chat/completions "HTTP/1.1 500 Internal Server Error"
2026-02-17 20:02:48,444 - mcq_generator.provider_client - ERROR - Request failed (3/5): Server error '500 Internal Server Error' for url 'http://localhost:7543/v1/chat/completions'
For more information check: https://developer.mozilla.org/en-US/docs/Web/HTTP/Status/500
2026-02-17 20:02:49,450 - httpx - INFO - HTTP Request: POST http://localhost:7543/v1/chat/completions "HTTP/1.1 500 Internal Server Error"
2026-02-17 20:02:49,451 - mcq_generator.provider_client - ERROR - Request failed (4/5): Server error '500 Internal Server Error' for url 'http://localhost:7543/v1/chat/completions'
For more information check: https://developer.mozilla.org/en-US/docs/Web/HTTP/Status/500
2026-02-17 20:02:49,451 - mcq_generator.generator - ERROR - Generation failed for document 451: Server error '500 Internal Server Error' for url 'http://localhost:7543/v1/chat/completions'
For more information check: https://developer.mozilla.org/en-US/docs/Web/HTTP/Status/500
2026-02-17 20:02:49,452 - mcq_generator.generator - INFO - Generating MCQ for document 241
2026-02-17 20:02:49,456 - httpx - INFO - HTTP Request: POST http://localhost:7543/v1/chat/completions "HTTP/1.1 500 Internal Server Error"
2026-02-17 20:02:49,456 - mcq_generator.provider_client - ERROR - Request failed (5/5): Server error '500 Internal Server Error' for url 'http://localhost:7543/v1/chat/completions'
For more information check: https://developer.mozilla.org/en-US/docs/Web/HTTP/Status/500
2026-02-17 20:02:49,457 - mcq_generator.provider_client - WARNING - Circuit breaker OPENED after 5 failures
INFO:     127.0.0.1:56054 - "GET /jobs HTTP/1.1" 200 OK
2026-02-17 20:02:50,458 - mcq_generator.generator - WARNING - Provider unavailable: Circuit breaker is open. Retry in 29s. Waiting 30s to retry...
INFO:     127.0.0.1:60906 - "GET /jobs/api_20260218_020240_ee7a98d7 HTTP/1.1" 200 OK
INFO:     127.0.0.1:39780 - "GET /jobs/api_20260218_020240_ee7a98d7 HTTP/1.1" 200 OK
2026-02-17 20:03:20,498 - mcq_generator.generator - INFO - Generating MCQ for document 580
2026-02-17 20:03:20,502 - mcq_generator.provider_client - INFO - Circuit breaker: open -> half-open
2026-02-17 20:03:20,612 - httpx - INFO - HTTP Request: POST http://localhost:7543/v1/chat/completions "HTTP/1.1 500 Internal Server Error"
2026-02-17 20:03:20,618 - mcq_generator.provider_client - ERROR - Request failed (6/5): Server error '500 Internal Server Error' for url 'http://localhost:7543/v1/chat/completions'
For more information check: https://developer.mozilla.org/en-US/docs/Web/HTTP/Status/500
2026-02-17 20:03:20,618 - mcq_generator.provider_client - WARNING - Circuit breaker OPENED after 6 failures
2026-02-17 20:03:21,621 - mcq_generator.generator - WARNING - Provider unavailable: Circuit breaker is open. Retry in 29s. Waiting 30s to retry...
INFO:     127.0.0.1:56846 - "GET /jobs/api_20260218_020240_ee7a98d7 HTTP/1.1" 200 OK
2026-02-17 20:03:51,652 - mcq_generator.generator - INFO - Generating MCQ for document 213
2026-02-17 20:03:51,652 - mcq_generator.provider_client - INFO - Circuit breaker: open -> half-open
2026-02-17 20:03:51,658 - httpx - INFO - HTTP Request: POST http://localhost:7543/v1/chat/completions "HTTP/1.1 500 Internal Server Error"
2026-02-17 20:03:51,659 - mcq_generator.provider_client - ERROR - Request failed (7/5): Server error '500 Internal Server Error' for url 'http://localhost:7543/v1/chat/completions'
For more information check: https://developer.mozilla.org/en-US/docs/Web/HTTP/Status/500
2026-02-17 20:03:51,659 - mcq_generator.provider_client - WARNING - Circuit breaker OPENED after 7 failures
2026-02-17 20:03:52,660 - mcq_generator.generator - WARNING - Provider unavailable: Circuit breaker is open. Retry in 29s. Waiting 30s to retry...
INFO:     127.0.0.1:56834 - "GET /jobs/api_20260218_020240_ee7a98d7 HTTP/1.1" 200 OK
2026-02-17 20:04:22,700 - mcq_generator.generator - INFO - Generating MCQ for document 477
2026-02-17 20:04:22,700 - mcq_generator.provider_client - INFO - Circuit breaker: open -> half-open
2026-02-17 20:04:22,707 - httpx - INFO - HTTP Request: POST http://localhost:7543/v1/chat/completions "HTTP/1.1 500 Internal Server Error"
2026-02-17 20:04:22,707 - mcq_generator.provider_client - ERROR - Request failed (8/5): Server error '500 Internal Server Error' for url 'http://localhost:7543/v1/chat/completions'
For more information check: https://developer.mozilla.org/en-US/docs/Web/HTTP/Status/500
2026-02-17 20:04:22,707 - mcq_generator.provider_client - WARNING - Circuit breaker OPENED after 8 failures
2026-02-17 20:04:23,709 - mcq_generator.generator - WARNING - Provider unavailable: Circuit breaker is open. Retry in 29s. Waiting 30s to retry...
2026-02-17 20:04:53,734 - mcq_generator.generator - INFO - Generating MCQ for document 533
2026-02-17 20:04:53,734 - mcq_generator.provider_client - INFO - Circuit breaker: open -> half-open
2026-02-17 20:04:53,741 - httpx - INFO - HTTP Request: POST http://localhost:7543/v1/chat/completions "HTTP/1.1 500 Internal Server Error"
2026-02-17 20:04:53,741 - mcq_generator.provider_client - ERROR - Request failed (9/5): Server error '500 Internal Server Error' for url 'http://localhost:7543/v1/chat/completions'
For more information check: https://developer.mozilla.org/en-US/docs/Web/HTTP/Status/500
2026-02-17 20:04:53,741 - mcq_generator.provider_client - WARNING - Circuit breaker OPENED after 9 failures
2026-02-17 20:04:54,742 - mcq_generator.generator - WARNING - Provider unavailable: Circuit breaker is open. Retry in 29s. Waiting 30s to retry...
2026-02-17 20:05:24,773 - mcq_generator.generator - INFO - Generating MCQ for document 267
2026-02-17 20:05:24,774 - mcq_generator.provider_client - INFO - Circuit breaker: open -> half-open
2026-02-17 20:05:24,785 - httpx - INFO - HTTP Request: POST http://localhost:7543/v1/chat/completions "HTTP/1.1 500 Internal Server Error"
2026-02-17 20:05:24,786 - mcq_generator.provider_client - ERROR - Request failed (10/5): Server error '500 Internal Server Error' for url 'http://localhost:7543/v1/chat/completions'
For more information check: https://developer.mozilla.org/en-US/docs/Web/HTTP/Status/500
2026-02-17 20:05:24,786 - mcq_generator.provider_client - WARNING - Circuit breaker OPENED after 10 failures
2026-02-17 20:05:25,787 - mcq_generator.generator - WARNING - Provider unavailable: Circuit breaker is open. Retry in 29s. Waiting 30s to retry...
2026-02-17 20:05:55,820 - mcq_generator.generator - INFO - Generating MCQ for document 210
2026-02-17 20:05:55,821 - mcq_generator.provider_client - INFO - Circuit breaker: open -> half-open
2026-02-17 20:05:55,826 - mcq_generator.provider_client - ERROR - Request failed (11/5): All connection attempts failed
2026-02-17 20:05:55,827 - mcq_generator.provider_client - WARNING - Circuit breaker OPENED after 11 failures
2026-02-17 20:05:56,828 - mcq_generator.generator - WARNING - Provider unavailable: Circuit breaker is open. Retry in 29s. Waiting 30s to retry...
2026-02-17 20:06:26,837 - mcq_generator.generator - INFO - Generating MCQ for document 76
2026-02-17 20:06:26,837 - mcq_generator.provider_client - INFO - Circuit breaker: open -> half-open
2026-02-17 20:06:26,839 - mcq_generator.provider_client - ERROR - Request failed (12/5): All connection attempts failed
2026-02-17 20:06:26,839 - mcq_generator.provider_client - WARNING - Circuit breaker OPENED after 12 failures
2026-02-17 20:06:27,841 - mcq_generator.generator - WARNING - Provider unavailable: Circuit breaker is open. Retry in 29s. Waiting 30s to retry...
2026-02-17 20:06:57,872 - mcq_generator.generator - INFO - Generating MCQ for document 118
2026-02-17 20:06:57,872 - mcq_generator.provider_client - INFO - Circuit breaker: open -> half-open
2026-02-17 20:06:59,820 - httpx - INFO - HTTP Request: POST http://localhost:7543/v1/chat/completions "HTTP/1.1 200 OK"
2026-02-17 20:06:59,824 - mcq_generator.provider_client - INFO - Circuit breaker CLOSED
2026-02-17 20:06:59,827 - mcq_generator.generator - INFO - Generated MCQ with quality score: 59.9
2026-02-17 20:06:59,861 - mcq_generator.generator - INFO - Generating MCQ for document 36
2026-02-17 20:07:00,595 - httpx - INFO - HTTP Request: POST http://localhost:7543/v1/chat/completions "HTTP/1.1 200 OK"
2026-02-17 20:07:00,597 - mcq_generator.generator - INFO - Generated MCQ with quality score: 61.1
2026-02-17 20:07:00,619 - mcq_generator.generator - INFO - Generating MCQ for document 265
2026-02-17 20:07:01,207 - httpx - INFO - HTTP Request: POST http://localhost:7543/v1/chat/completions "HTTP/1.1 200 OK"
2026-02-17 20:07:01,208 - mcq_generator.generator - INFO - Generated MCQ with quality score: 58.1
2026-02-17 20:07:01,231 - mcq_generator.generator - INFO - Generating MCQ for document 506
2026-02-17 20:07:02,148 - httpx - INFO - HTTP Request: POST http://localhost:7543/v1/chat/completions "HTTP/1.1 200 OK"
2026-02-17 20:07:02,149 - mcq_generator.generator - INFO - Generated MCQ with quality score: 54.0
2026-02-17 20:07:02,170 - mcq_generator.generator - INFO - Generating MCQ for document 174
2026-02-17 20:07:03,052 - httpx - INFO - HTTP Request: POST http://localhost:7543/v1/chat/completions "HTTP/1.1 200 OK"
2026-02-17 20:07:03,053 - mcq_generator.generator - INFO - Generated MCQ with quality score: 51.1
2026-02-17 20:07:03,072 - mcq_generator.generator - INFO - Generating MCQ for document 255
2026-02-17 20:07:03,988 - httpx - INFO - HTTP Request: POST http://localhost:7543/v1/chat/completions "HTTP/1.1 200 OK"
2026-02-17 20:07:03,989 - mcq_generator.generator - INFO - Generated MCQ with quality score: 54.0
2026-02-17 20:07:04,011 - mcq_generator.generator - INFO - Generating MCQ for document 356
2026-02-17 20:07:04,895 - httpx - INFO - HTTP Request: POST http://localhost:7543/v1/chat/completions "HTTP/1.1 200 OK"
2026-02-17 20:07:04,895 - mcq_generator.generator - INFO - Generated MCQ with quality score: 59.6
2026-02-17 20:07:04,915 - mcq_generator.generator - INFO - Generating MCQ for document 292
2026-02-17 20:07:08,179 - httpx - INFO - HTTP Request: POST http://localhost:7543/v1/chat/completions "HTTP/1.1 500 Internal Server Error"
2026-02-17 20:07:08,179 - mcq_generator.provider_client - ERROR - Request failed (1/5): Server error '500 Internal Server Error' for url 'http://localhost:7543/v1/chat/completions'
For more information check: https://developer.mozilla.org/en-US/docs/Web/HTTP/Status/500
2026-02-17 20:07:10,779 - httpx - INFO - HTTP Request: POST http://localhost:7543/v1/chat/completions "HTTP/1.1 500 Internal Server Error"
2026-02-17 20:07:10,780 - mcq_generator.provider_client - ERROR - Request failed (2/5): Server error '500 Internal Server Error' for url 'http://localhost:7543/v1/chat/completions'
For more information check: https://developer.mozilla.org/en-US/docs/Web/HTTP/Status/500
2026-02-17 20:07:10,780 - mcq_generator.generator - ERROR - Generation failed for document 292: Server error '500 Internal Server Error' for url 'http://localhost:7543/v1/chat/completions'
For more information check: https://developer.mozilla.org/en-US/docs/Web/HTTP/Status/500
2026-02-17 20:07:10,780 - mcq_generator.generator - INFO - Generating MCQ for document 578
2026-02-17 20:07:11,905 - httpx - INFO - HTTP Request: POST http://localhost:7543/v1/chat/completions "HTTP/1.1 500 Internal Server Error"
2026-02-17 20:07:11,906 - mcq_generator.provider_client - ERROR - Request failed (3/5): Server error '500 Internal Server Error' for url 'http://localhost:7543/v1/chat/completions'
For more information check: https://developer.mozilla.org/en-US/docs/Web/HTTP/Status/500
2026-02-17 20:07:14,671 - httpx - INFO - HTTP Request: POST http://localhost:7543/v1/chat/completions "HTTP/1.1 500 Internal Server Error"
2026-02-17 20:07:14,672 - mcq_generator.provider_client - ERROR - Request failed (4/5): Server error '500 Internal Server Error' for url 'http://localhost:7543/v1/chat/completions'
For more information check: https://developer.mozilla.org/en-US/docs/Web/HTTP/Status/500
2026-02-17 20:07:14,672 - mcq_generator.generator - ERROR - Generation failed for document 578: Server error '500 Internal Server Error' for url 'http://localhost:7543/v1/chat/completions'
For more information check: https://developer.mozilla.org/en-US/docs/Web/HTTP/Status/500
2026-02-17 20:07:14,675 - mcq_generator.generator - INFO - Generating MCQ for document 178
2026-02-17 20:07:15,187 - httpx - INFO - HTTP Request: POST http://localhost:7543/v1/chat/completions "HTTP/1.1 500 Internal Server Error"
2026-02-17 20:07:15,187 - mcq_generator.provider_client - ERROR - Request failed (5/5): Server error '500 Internal Server Error' for url 'http://localhost:7543/v1/chat/completions'
For more information check: https://developer.mozilla.org/en-US/docs/Web/HTTP/Status/500
2026-02-17 20:07:15,187 - mcq_generator.provider_client - WARNING - Circuit breaker OPENED after 5 failures
2026-02-17 20:07:16,189 - mcq_generator.generator - WARNING - Provider unavailable: Circuit breaker is open. Retry in 29s. Waiting 30s to retry...
INFO:     127.0.0.1:49260 - "GET /jobs/api_20260218_020240_ee7a98d7 HTTP/1.1" 200 OK
INFO:     127.0.0.1:52490 - "GET /jobs/api_20260218_020240_ee7a98d7 HTTP/1.1" 200 OK
2026-02-17 20:07:46,220 - mcq_generator.generator - INFO - Generating MCQ for document 327
2026-02-17 20:07:46,220 - mcq_generator.provider_client - INFO - Circuit breaker: open -> half-open
2026-02-17 20:07:48,467 - httpx - INFO - HTTP Request: POST http://localhost:7543/v1/chat/completions "HTTP/1.1 500 Internal Server Error"
2026-02-17 20:07:48,468 - mcq_generator.provider_client - ERROR - Request failed (6/5): Server error '500 Internal Server Error' for url 'http://localhost:7543/v1/chat/completions'
For more information check: https://developer.mozilla.org/en-US/docs/Web/HTTP/Status/500
2026-02-17 20:07:48,468 - mcq_generator.provider_client - WARNING - Circuit breaker OPENED after 6 failures
2026-02-17 20:07:49,470 - mcq_generator.generator - WARNING - Provider unavailable: Circuit breaker is open. Retry in 29s. Waiting 30s to retry...
INFO:     127.0.0.1:35500 - "GET /jobs/api_20260218_020240_ee7a98d7 HTTP/1.1" 200 OK
2026-02-17 20:08:19,486 - mcq_generator.generator - INFO - Generating MCQ for document 144
2026-02-17 20:08:19,486 - mcq_generator.provider_client - INFO - Circuit breaker: open -> half-open
2026-02-17 20:08:21,349 - httpx - INFO - HTTP Request: POST http://localhost:7543/v1/chat/completions "HTTP/1.1 500 Internal Server Error"
2026-02-17 20:08:21,350 - mcq_generator.provider_client - ERROR - Request failed (7/5): Server error '500 Internal Server Error' for url 'http://localhost:7543/v1/chat/completions'
For more information check: https://developer.mozilla.org/en-US/docs/Web/HTTP/Status/500
2026-02-17 20:08:21,350 - mcq_generator.provider_client - WARNING - Circuit breaker OPENED after 7 failures
2026-02-17 20:08:22,351 - mcq_generator.generator - WARNING - Provider unavailable: Circuit breaker is open. Retry in 29s. Waiting 30s to retry...
INFO:     127.0.0.1:34920 - "GET /jobs/api_20260218_020240_ee7a98d7 HTTP/1.1" 200 OK
2026-02-17 20:08:52,383 - mcq_generator.generator - INFO - Generating MCQ for document 416
2026-02-17 20:08:52,383 - mcq_generator.provider_client - INFO - Circuit breaker: open -> half-open
2026-02-17 20:08:54,725 - httpx - INFO - HTTP Request: POST http://localhost:7543/v1/chat/completions "HTTP/1.1 500 Internal Server Error"
2026-02-17 20:08:54,726 - mcq_generator.provider_client - ERROR - Request failed (8/5): Server error '500 Internal Server Error' for url 'http://localhost:7543/v1/chat/completions'
For more information check: https://developer.mozilla.org/en-US/docs/Web/HTTP/Status/500
2026-02-17 20:08:54,726 - mcq_generator.provider_client - WARNING - Circuit breaker OPENED after 8 failures
2026-02-17 20:08:55,728 - mcq_generator.generator - WARNING - Provider unavailable: Circuit breaker is open. Retry in 29s. Waiting 30s to retry...
2026-02-17 20:09:25,760 - mcq_generator.generator - INFO - Generating MCQ for document 336
2026-02-17 20:09:25,761 - mcq_generator.provider_client - INFO - Circuit breaker: open -> half-open
2026-02-17 20:09:28,918 - httpx - INFO - HTTP Request: POST http://localhost:7543/v1/chat/completions "HTTP/1.1 500 Internal Server Error"
2026-02-17 20:09:28,919 - mcq_generator.provider_client - ERROR - Request failed (9/5): Server error '500 Internal Server Error' for url 'http://localhost:7543/v1/chat/completions'
For more information check: https://developer.mozilla.org/en-US/docs/Web/HTTP/Status/500
2026-02-17 20:09:28,919 - mcq_generator.provider_client - WARNING - Circuit breaker OPENED after 9 failures
2026-02-17 20:09:29,920 - mcq_generator.generator - WARNING - Provider unavailable: Circuit breaker is open. Retry in 29s. Waiting 30s to retry...
2026-02-17 20:09:59,951 - mcq_generator.generator - INFO - Generating MCQ for document 613
2026-02-17 20:09:59,952 - mcq_generator.provider_client - INFO - Circuit breaker: open -> half-open
2026-02-17 20:10:02,886 - httpx - INFO - HTTP Request: POST http://localhost:7543/v1/chat/completions "HTTP/1.1 500 Internal Server Error"
2026-02-17 20:10:02,887 - mcq_generator.provider_client - ERROR - Request failed (10/5): Server error '500 Internal Server Error' for url 'http://localhost:7543/v1/chat/completions'
For more information check: https://developer.mozilla.org/en-US/docs/Web/HTTP/Status/500
2026-02-17 20:10:02,887 - mcq_generator.provider_client - WARNING - Circuit breaker OPENED after 10 failures
2026-02-17 20:10:03,889 - mcq_generator.generator - WARNING - Provider unavailable: Circuit breaker is open. Retry in 29s. Waiting 30s to retry...
2026-02-17 20:10:33,919 - mcq_generator.generator - INFO - Generating MCQ for document 605
2026-02-17 20:10:33,919 - mcq_generator.provider_client - INFO - Circuit breaker: open -> half-open
2026-02-17 20:10:36,857 - httpx - INFO - HTTP Request: POST http://localhost:7543/v1/chat/completions "HTTP/1.1 500 Internal Server Error"
2026-02-17 20:10:36,858 - mcq_generator.provider_client - ERROR - Request failed (11/5): Server error '500 Internal Server Error' for url 'http://localhost:7543/v1/chat/completions'
For more information check: https://developer.mozilla.org/en-US/docs/Web/HTTP/Status/500
2026-02-17 20:10:36,858 - mcq_generator.provider_client - WARNING - Circuit breaker OPENED after 11 failures
2026-02-17 20:10:37,859 - mcq_generator.generator - WARNING - Provider unavailable: Circuit breaker is open. Retry in 29s. Waiting 30s to retry...
2026-02-17 20:11:07,890 - mcq_generator.generator - INFO - Generating MCQ for document 285
2026-02-17 20:11:07,891 - mcq_generator.provider_client - INFO - Circuit breaker: open -> half-open
2026-02-17 20:11:12,436 - httpx - INFO - HTTP Request: POST http://localhost:7543/v1/chat/completions "HTTP/1.1 500 Internal Server Error"
2026-02-17 20:11:12,436 - mcq_generator.provider_client - ERROR - Request failed (12/5): Server error '500 Internal Server Error' for url 'http://localhost:7543/v1/chat/completions'
For more information check: https://developer.mozilla.org/en-US/docs/Web/HTTP/Status/500
2026-02-17 20:11:12,437 - mcq_generator.provider_client - WARNING - Circuit breaker OPENED after 12 failures
2026-02-17 20:11:13,438 - mcq_generator.generator - WARNING - Provider unavailable: Circuit breaker is open. Retry in 29s. Waiting 30s to retry...
INFO:     127.0.0.1:40520 - "GET /jobs/api_20260218_020240_ee7a98d7 HTTP/1.1" 200 OK
2026-02-17 20:11:43,472 - mcq_generator.generator - INFO - Generating MCQ for document 68
2026-02-17 20:11:43,472 - mcq_generator.provider_client - INFO - Circuit breaker: open -> half-open
2026-02-17 20:11:45,614 - httpx - INFO - HTTP Request: POST http://localhost:7543/v1/chat/completions "HTTP/1.1 500 Internal Server Error"
2026-02-17 20:11:45,614 - mcq_generator.provider_client - ERROR - Request failed (13/5): Server error '500 Internal Server Error' for url 'http://localhost:7543/v1/chat/completions'
For more information check: https://developer.mozilla.org/en-US/docs/Web/HTTP/Status/500
2026-02-17 20:11:45,614 - mcq_generator.provider_client - WARNING - Circuit breaker OPENED after 13 failures
2026-02-17 20:11:46,615 - mcq_generator.generator - WARNING - Provider unavailable: Circuit breaker is open. Retry in 29s. Waiting 30s to retry...
2026-02-17 20:12:16,646 - mcq_generator.generator - INFO - Generating MCQ for document 497
2026-02-17 20:12:16,646 - mcq_generator.provider_client - INFO - Circuit breaker: open -> half-open
2026-02-17 20:12:17,309 - httpx - INFO - HTTP Request: POST http://localhost:7543/v1/chat/completions "HTTP/1.1 200 OK"
2026-02-17 20:12:17,310 - mcq_generator.provider_client - INFO - Circuit breaker CLOSED
2026-02-17 20:12:17,310 - mcq_generator.generator - INFO - Generated MCQ with quality score: 56.0
2026-02-17 20:12:17,333 - mcq_generator.generator - INFO - Generating MCQ for document 14
2026-02-17 20:12:20,048 - httpx - INFO - HTTP Request: POST http://localhost:7543/v1/chat/completions "HTTP/1.1 500 Internal Server Error"
2026-02-17 20:12:20,049 - mcq_generator.provider_client - ERROR - Request failed (1/5): Server error '500 Internal Server Error' for url 'http://localhost:7543/v1/chat/completions'
For more information check: https://developer.mozilla.org/en-US/docs/Web/HTTP/Status/500
2026-02-17 20:12:22,871 - httpx - INFO - HTTP Request: POST http://localhost:7543/v1/chat/completions "HTTP/1.1 500 Internal Server Error"
2026-02-17 20:12:22,872 - mcq_generator.provider_client - ERROR - Request failed (2/5): Server error '500 Internal Server Error' for url 'http://localhost:7543/v1/chat/completions'
For more information check: https://developer.mozilla.org/en-US/docs/Web/HTTP/Status/500
2026-02-17 20:12:22,872 - mcq_generator.generator - ERROR - Generation failed for document 14: Server error '500 Internal Server Error' for url 'http://localhost:7543/v1/chat/completions'
For more information check: https://developer.mozilla.org/en-US/docs/Web/HTTP/Status/500
2026-02-17 20:12:22,875 - mcq_generator.generator - INFO - Generating MCQ for document 359
2026-02-17 20:12:23,608 - httpx - INFO - HTTP Request: POST http://localhost:7543/v1/chat/completions "HTTP/1.1 500 Internal Server Error"
2026-02-17 20:12:23,609 - mcq_generator.provider_client - ERROR - Request failed (3/5): Server error '500 Internal Server Error' for url 'http://localhost:7543/v1/chat/completions'
For more information check: https://developer.mozilla.org/en-US/docs/Web/HTTP/Status/500
2026-02-17 20:12:25,851 - httpx - INFO - HTTP Request: POST http://localhost:7543/v1/chat/completions "HTTP/1.1 500 Internal Server Error"
2026-02-17 20:12:25,851 - mcq_generator.provider_client - ERROR - Request failed (4/5): Server error '500 Internal Server Error' for url 'http://localhost:7543/v1/chat/completions'
For more information check: https://developer.mozilla.org/en-US/docs/Web/HTTP/Status/500
2026-02-17 20:12:25,852 - mcq_generator.generator - ERROR - Generation failed for document 359: Server error '500 Internal Server Error' for url 'http://localhost:7543/v1/chat/completions'
For more information check: https://developer.mozilla.org/en-US/docs/Web/HTTP/Status/500
2026-02-17 20:12:25,853 - mcq_generator.generator - INFO - Generating MCQ for document 75
2026-02-17 20:12:26,687 - httpx - INFO - HTTP Request: POST http://localhost:7543/v1/chat/completions "HTTP/1.1 500 Internal Server Error"
2026-02-17 20:12:26,687 - mcq_generator.provider_client - ERROR - Request failed (5/5): Server error '500 Internal Server Error' for url 'http://localhost:7543/v1/chat/completions'
For more information check: https://developer.mozilla.org/en-US/docs/Web/HTTP/Status/500
2026-02-17 20:12:26,688 - mcq_generator.provider_client - WARNING - Circuit breaker OPENED after 5 failures
2026-02-17 20:12:27,689 - mcq_generator.generator - WARNING - Provider unavailable: Circuit breaker is open. Retry in 29s. Waiting 30s to retry...
2026-02-17 20:12:57,700 - mcq_generator.generator - INFO - Generating MCQ for document 122
2026-02-17 20:12:57,701 - mcq_generator.provider_client - INFO - Circuit breaker: open -> half-open
2026-02-17 20:12:57,703 - mcq_generator.provider_client - ERROR - Request failed (6/5): All connection attempts failed
2026-02-17 20:12:57,703 - mcq_generator.provider_client - WARNING - Circuit breaker OPENED after 6 failures
2026-02-17 20:12:58,704 - mcq_generator.generator - WARNING - Provider unavailable: Circuit breaker is open. Retry in 29s. Waiting 30s to retry...
INFO:     127.0.0.1:41224 - "GET /jobs/api_20260218_020240_ee7a98d7 HTTP/1.1" 200 OK
2026-02-17 20:13:28,736 - mcq_generator.generator - INFO - Generating MCQ for document 34
2026-02-17 20:13:28,737 - mcq_generator.provider_client - INFO - Circuit breaker: open -> half-open
2026-02-17 20:13:32,776 - httpx - INFO - HTTP Request: POST http://localhost:7543/v1/chat/completions "HTTP/1.1 500 Internal Server Error"
2026-02-17 20:13:32,776 - mcq_generator.provider_client - ERROR - Request failed (7/5): Server error '500 Internal Server Error' for url 'http://localhost:7543/v1/chat/completions'
For more information check: https://developer.mozilla.org/en-US/docs/Web/HTTP/Status/500
2026-02-17 20:13:32,777 - mcq_generator.provider_client - WARNING - Circuit breaker OPENED after 7 failures
2026-02-17 20:13:33,778 - mcq_generator.generator - WARNING - Provider unavailable: Circuit breaker is open. Retry in 29s. Waiting 30s to retry...
INFO:     127.0.0.1:35838 - "GET /jobs/api_20260218_020240_ee7a98d7 HTTP/1.1" 200 OK
2026-02-17 20:14:03,811 - mcq_generator.generator - INFO - Generating MCQ for document 156
2026-02-17 20:14:03,811 - mcq_generator.provider_client - INFO - Circuit breaker: open -> half-open
2026-02-17 20:14:06,306 - httpx - INFO - HTTP Request: POST http://localhost:7543/v1/chat/completions "HTTP/1.1 500 Internal Server Error"
2026-02-17 20:14:06,307 - mcq_generator.provider_client - ERROR - Request failed (8/5): Server error '500 Internal Server Error' for url 'http://localhost:7543/v1/chat/completions'
For more information check: https://developer.mozilla.org/en-US/docs/Web/HTTP/Status/500
2026-02-17 20:14:06,307 - mcq_generator.provider_client - WARNING - Circuit breaker OPENED after 8 failures
2026-02-17 20:14:07,308 - mcq_generator.generator - WARNING - Provider unavailable: Circuit breaker is open. Retry in 29s. Waiting 30s to retry...
2026-02-17 20:14:37,337 - mcq_generator.generator - INFO - Generating MCQ for document 417
2026-02-17 20:14:37,339 - mcq_generator.provider_client - INFO - Circuit breaker: open -> half-open
2026-02-17 20:14:40,505 - httpx - INFO - HTTP Request: POST http://localhost:7543/v1/chat/completions "HTTP/1.1 500 Internal Server Error"
2026-02-17 20:14:40,505 - mcq_generator.provider_client - ERROR - Request failed (9/5): Server error '500 Internal Server Error' for url 'http://localhost:7543/v1/chat/completions'
For more information check: https://developer.mozilla.org/en-US/docs/Web/HTTP/Status/500
2026-02-17 20:14:40,505 - mcq_generator.provider_client - WARNING - Circuit breaker OPENED after 9 failures
2026-02-17 20:14:41,507 - mcq_generator.generator - WARNING - Provider unavailable: Circuit breaker is open. Retry in 29s. Waiting 30s to retry...
2026-02-17 20:15:11,570 - mcq_generator.generator - INFO - Generating MCQ for document 489
2026-02-17 20:15:11,571 - mcq_generator.provider_client - INFO - Circuit breaker: open -> half-open
2026-02-17 20:15:14,510 - httpx - INFO - HTTP Request: POST http://localhost:7543/v1/chat/completions "HTTP/1.1 500 Internal Server Error"
2026-02-17 20:15:14,510 - mcq_generator.provider_client - ERROR - Request failed (10/5): Server error '500 Internal Server Error' for url 'http://localhost:7543/v1/chat/completions'
For more information check: https://developer.mozilla.org/en-US/docs/Web/HTTP/Status/500
2026-02-17 20:15:14,511 - mcq_generator.provider_client - WARNING - Circuit breaker OPENED after 10 failures
2026-02-17 20:15:15,512 - mcq_generator.generator - WARNING - Provider unavailable: Circuit breaker is open. Retry in 29s. Waiting 30s to retry...
2026-02-17 20:15:45,545 - mcq_generator.generator - INFO - Generating MCQ for document 542
2026-02-17 20:15:45,545 - mcq_generator.provider_client - INFO - Circuit breaker: open -> half-open
2026-02-17 20:15:48,389 - httpx - INFO - HTTP Request: POST http://localhost:7543/v1/chat/completions "HTTP/1.1 500 Internal Server Error"
2026-02-17 20:15:48,390 - mcq_generator.provider_client - ERROR - Request failed (11/5): Server error '500 Internal Server Error' for url 'http://localhost:7543/v1/chat/completions'
For more information check: https://developer.mozilla.org/en-US/docs/Web/HTTP/Status/500
2026-02-17 20:15:48,390 - mcq_generator.provider_client - WARNING - Circuit breaker OPENED after 11 failures
2026-02-17 20:15:49,391 - mcq_generator.generator - WARNING - Provider unavailable: Circuit breaker is open. Retry in 29s. Waiting 30s to retry...
INFO:     127.0.0.1:59830 - "GET /jobs/api_20260218_020240_ee7a98d7 HTTP/1.1" 200 OK
2026-02-17 20:16:19,430 - mcq_generator.generator - INFO - Generating MCQ for document 516
2026-02-17 20:16:19,430 - mcq_generator.provider_client - INFO - Circuit breaker: open -> half-open
2026-02-17 20:16:22,282 - httpx - INFO - HTTP Request: POST http://localhost:7543/v1/chat/completions "HTTP/1.1 500 Internal Server Error"
2026-02-17 20:16:22,283 - mcq_generator.provider_client - ERROR - Request failed (12/5): Server error '500 Internal Server Error' for url 'http://localhost:7543/v1/chat/completions'
For more information check: https://developer.mozilla.org/en-US/docs/Web/HTTP/Status/500
2026-02-17 20:16:22,283 - mcq_generator.provider_client - WARNING - Circuit breaker OPENED after 12 failures
2026-02-17 20:16:23,284 - mcq_generator.generator - WARNING - Provider unavailable: Circuit breaker is open. Retry in 29s. Waiting 30s to retry...
INFO:     127.0.0.1:45238 - "GET /jobs/api_20260218_020240_ee7a98d7 HTTP/1.1" 200 OK
2026-02-17 20:16:53,322 - mcq_generator.generator - INFO - Generating MCQ for document 418
2026-02-17 20:16:53,322 - mcq_generator.provider_client - INFO - Circuit breaker: open -> half-open
2026-02-17 20:16:54,153 - httpx - INFO - HTTP Request: POST http://localhost:7543/v1/chat/completions "HTTP/1.1 200 OK"
2026-02-17 20:16:54,154 - mcq_generator.provider_client - INFO - Circuit breaker CLOSED
2026-02-17 20:16:54,155 - mcq_generator.generator - INFO - Generated MCQ with quality score: 58.9
2026-02-17 20:16:54,183 - mcq_generator.generator - INFO - Generating MCQ for document 585
2026-02-17 20:16:56,082 - httpx - INFO - HTTP Request: POST http://localhost:7543/v1/chat/completions "HTTP/1.1 500 Internal Server Error"
2026-02-17 20:16:56,082 - mcq_generator.provider_client - ERROR - Request failed (1/5): Server error '500 Internal Server Error' for url 'http://localhost:7543/v1/chat/completions'
For more information check: https://developer.mozilla.org/en-US/docs/Web/HTTP/Status/500
2026-02-17 20:16:58,107 - httpx - INFO - HTTP Request: POST http://localhost:7543/v1/chat/completions "HTTP/1.1 500 Internal Server Error"
2026-02-17 20:16:58,107 - mcq_generator.provider_client - ERROR - Request failed (2/5): Server error '500 Internal Server Error' for url 'http://localhost:7543/v1/chat/completions'
For more information check: https://developer.mozilla.org/en-US/docs/Web/HTTP/Status/500
2026-02-17 20:16:58,107 - mcq_generator.generator - ERROR - Generation failed for document 585: Server error '500 Internal Server Error' for url 'http://localhost:7543/v1/chat/completions'
For more information check: https://developer.mozilla.org/en-US/docs/Web/HTTP/Status/500
2026-02-17 20:16:58,111 - mcq_generator.generator - INFO - Generating MCQ for document 30
2026-02-17 20:16:58,798 - httpx - INFO - HTTP Request: POST http://localhost:7543/v1/chat/completions "HTTP/1.1 500 Internal Server Error"
2026-02-17 20:16:58,798 - mcq_generator.provider_client - ERROR - Request failed (3/5): Server error '500 Internal Server Error' for url 'http://localhost:7543/v1/chat/completions'
For more information check: https://developer.mozilla.org/en-US/docs/Web/HTTP/Status/500
2026-02-17 20:17:01,069 - httpx - INFO - HTTP Request: POST http://localhost:7543/v1/chat/completions "HTTP/1.1 500 Internal Server Error"
2026-02-17 20:17:01,070 - mcq_generator.provider_client - ERROR - Request failed (4/5): Server error '500 Internal Server Error' for url 'http://localhost:7543/v1/chat/completions'
For more information check: https://developer.mozilla.org/en-US/docs/Web/HTTP/Status/500
2026-02-17 20:17:01,070 - mcq_generator.generator - ERROR - Generation failed for document 30: Server error '500 Internal Server Error' for url 'http://localhost:7543/v1/chat/completions'
For more information check: https://developer.mozilla.org/en-US/docs/Web/HTTP/Status/500
2026-02-17 20:17:01,071 - mcq_generator.generator - INFO - Generating MCQ for document 340
2026-02-17 20:17:02,118 - httpx - INFO - HTTP Request: POST http://localhost:7543/v1/chat/completions "HTTP/1.1 500 Internal Server Error"
2026-02-17 20:17:02,119 - mcq_generator.provider_client - ERROR - Request failed (5/5): Server error '500 Internal Server Error' for url 'http://localhost:7543/v1/chat/completions'
For more information check: https://developer.mozilla.org/en-US/docs/Web/HTTP/Status/500
2026-02-17 20:17:02,119 - mcq_generator.provider_client - WARNING - Circuit breaker OPENED after 5 failures
2026-02-17 20:17:03,120 - mcq_generator.generator - WARNING - Provider unavailable: Circuit breaker is open. Retry in 29s. Waiting 30s to retry...
INFO:     127.0.0.1:35592 - "GET /jobs/api_20260218_020240_ee7a98d7 HTTP/1.1" 200 OK
2026-02-17 20:17:33,152 - mcq_generator.generator - INFO - Generating MCQ for document 6
2026-02-17 20:17:33,152 - mcq_generator.provider_client - INFO - Circuit breaker: open -> half-open
2026-02-17 20:17:34,987 - httpx - INFO - HTTP Request: POST http://localhost:7543/v1/chat/completions "HTTP/1.1 500 Internal Server Error"
2026-02-17 20:17:34,987 - mcq_generator.provider_client - ERROR - Request failed (6/5): Server error '500 Internal Server Error' for url 'http://localhost:7543/v1/chat/completions'
For more information check: https://developer.mozilla.org/en-US/docs/Web/HTTP/Status/500
2026-02-17 20:17:34,987 - mcq_generator.provider_client - WARNING - Circuit breaker OPENED after 6 failures
2026-02-17 20:17:35,988 - mcq_generator.generator - WARNING - Provider unavailable: Circuit breaker is open. Retry in 29s. Waiting 30s to retry...
2026-02-17 20:18:06,018 - mcq_generator.generator - INFO - Generating MCQ for document 603
2026-02-17 20:18:06,018 - mcq_generator.provider_client - INFO - Circuit breaker: open -> half-open
2026-02-17 20:18:07,622 - httpx - INFO - HTTP Request: POST http://localhost:7543/v1/chat/completions "HTTP/1.1 500 Internal Server Error"
2026-02-17 20:18:07,623 - mcq_generator.provider_client - ERROR - Request failed (7/5): Server error '500 Internal Server Error' for url 'http://localhost:7543/v1/chat/completions'
For more information check: https://developer.mozilla.org/en-US/docs/Web/HTTP/Status/500
2026-02-17 20:18:07,623 - mcq_generator.provider_client - WARNING - Circuit breaker OPENED after 7 failures
2026-02-17 20:18:08,624 - mcq_generator.generator - WARNING - Provider unavailable: Circuit breaker is open. Retry in 29s. Waiting 30s to retry...
2026-02-17 20:18:38,656 - mcq_generator.generator - INFO - Generating MCQ for document 310
2026-02-17 20:18:38,656 - mcq_generator.provider_client - INFO - Circuit breaker: open -> half-open
2026-02-17 20:18:40,840 - httpx - INFO - HTTP Request: POST http://localhost:7543/v1/chat/completions "HTTP/1.1 500 Internal Server Error"
2026-02-17 20:18:40,841 - mcq_generator.provider_client - ERROR - Request failed (8/5): Server error '500 Internal Server Error' for url 'http://localhost:7543/v1/chat/completions'
For more information check: https://developer.mozilla.org/en-US/docs/Web/HTTP/Status/500
2026-02-17 20:18:40,841 - mcq_generator.provider_client - WARNING - Circuit breaker OPENED after 8 failures
2026-02-17 20:18:41,842 - mcq_generator.generator - WARNING - Provider unavailable: Circuit breaker is open. Retry in 29s. Waiting 30s to retry...
2026-02-17 20:19:11,872 - mcq_generator.generator - INFO - Generating MCQ for document 609
2026-02-17 20:19:11,873 - mcq_generator.provider_client - INFO - Circuit breaker: open -> half-open
2026-02-17 20:19:12,930 - httpx - INFO - HTTP Request: POST http://localhost:7543/v1/chat/completions "HTTP/1.1 500 Internal Server Error"
2026-02-17 20:19:12,930 - mcq_generator.provider_client - ERROR - Request failed (9/5): Server error '500 Internal Server Error' for url 'http://localhost:7543/v1/chat/completions'
For more information check: https://developer.mozilla.org/en-US/docs/Web/HTTP/Status/500
2026-02-17 20:19:12,930 - mcq_generator.provider_client - WARNING - Circuit breaker OPENED after 9 failures
2026-02-17 20:19:13,931 - mcq_generator.generator - WARNING - Provider unavailable: Circuit breaker is open. Retry in 29s. Waiting 30s to retry...
2026-02-17 20:19:43,962 - mcq_generator.generator - INFO - Generating MCQ for document 567
2026-02-17 20:19:43,962 - mcq_generator.provider_client - INFO - Circuit breaker: open -> half-open
2026-02-17 20:19:45,346 - httpx - INFO - HTTP Request: POST http://localhost:7543/v1/chat/completions "HTTP/1.1 500 Internal Server Error"
2026-02-17 20:19:45,346 - mcq_generator.provider_client - ERROR - Request failed (10/5): Server error '500 Internal Server Error' for url 'http://localhost:7543/v1/chat/completions'
For more information check: https://developer.mozilla.org/en-US/docs/Web/HTTP/Status/500
2026-02-17 20:19:45,346 - mcq_generator.provider_client - WARNING - Circuit breaker OPENED after 10 failures
2026-02-17 20:19:46,347 - mcq_generator.generator - WARNING - Provider unavailable: Circuit breaker is open. Retry in 29s. Waiting 30s to retry...
INFO:     127.0.0.1:33118 - "GET /jobs/api_20260218_020240_ee7a98d7 HTTP/1.1" 200 OK
2026-02-17 20:20:16,380 - mcq_generator.generator - INFO - Generating MCQ for document 260
2026-02-17 20:20:16,380 - mcq_generator.provider_client - INFO - Circuit breaker: open -> half-open
2026-02-17 20:20:17,704 - httpx - INFO - HTTP Request: POST http://localhost:7543/v1/chat/completions "HTTP/1.1 200 OK"
2026-02-17 20:20:17,704 - mcq_generator.provider_client - INFO - Circuit breaker CLOSED
2026-02-17 20:20:17,705 - mcq_generator.generator - INFO - Generated MCQ with quality score: 60.8
2026-02-17 20:20:17,748 - mcq_generator.state_manager - INFO - Saved checkpoint api_20260218_020240_ee7a98d7_cp_20260218_022017_734121 at index 260
2026-02-17 20:20:17,749 - mcq_generator.generator - INFO - Saved checkpoint: 10 MCQs generated
2026-02-17 20:20:17,749 - mcq_generator.generator - INFO - Generating MCQ for document 145
2026-02-17 20:20:47,783 - mcq_generator.provider_client - ERROR - Request failed (1/5): 
INFO:     127.0.0.1:47030 - "GET /jobs/api_20260218_020240_ee7a98d7 HTTP/1.1" 200 OK
2026-02-17 20:21:08,125 - httpx - INFO - HTTP Request: POST http://localhost:7543/v1/chat/completions "HTTP/1.1 200 OK"
2026-02-17 20:21:08,126 - mcq_generator.generator - INFO - Generated MCQ with quality score: 59.0
2026-02-17 20:21:08,189 - mcq_generator.generator - INFO - Generating MCQ for document 342
2026-02-17 20:21:08,194 - mcq_generator.provider_client - ERROR - Request failed (1/5): All connection attempts failed
2026-02-17 20:21:09,197 - mcq_generator.provider_client - ERROR - Request failed (2/5): All connection attempts failed
2026-02-17 20:21:09,198 - mcq_generator.generator - WARNING - Provider unavailable: All connection attempts failed. Waiting 30s to retry...
INFO:     127.0.0.1:41906 - "GET /jobs/api_20260218_020240_ee7a98d7 HTTP/1.1" 200 OK
2026-02-17 20:21:39,233 - mcq_generator.generator - INFO - Generating MCQ for document 237
INFO:     127.0.0.1:36804 - "GET /jobs/api_20260218_020240_ee7a98d7 HTTP/1.1" 200 OK
INFO:     127.0.0.1:35464 - "GET /jobs/api_20260218_020240_ee7a98d7 HTTP/1.1" 200 OK
2026-02-17 20:22:02,826 - httpx - INFO - HTTP Request: POST http://localhost:7543/v1/chat/completions "HTTP/1.1 200 OK"
2026-02-17 20:22:02,827 - mcq_generator.generator - INFO - Generated MCQ with quality score: 49.8
2026-02-17 20:22:02,987 - mcq_generator.generator - INFO - Generating MCQ for document 591
2026-02-17 20:22:32,972 - httpx - INFO - HTTP Request: POST http://localhost:7543/v1/chat/completions "HTTP/1.1 200 OK"
2026-02-17 20:22:32,972 - mcq_generator.generator - INFO - Generated MCQ with quality score: 53.6
2026-02-17 20:22:33,002 - mcq_generator.generator - INFO - Generating MCQ for document 67
INFO:     127.0.0.1:35006 - "GET /jobs/api_20260218_020240_ee7a98d7 HTTP/1.1" 200 OK
2026-02-17 20:22:54,159 - httpx - INFO - HTTP Request: POST http://localhost:7543/v1/chat/completions "HTTP/1.1 200 OK"
2026-02-17 20:22:54,160 - mcq_generator.generator - INFO - Generated MCQ with quality score: 44.3
2026-02-17 20:22:54,179 - mcq_generator.generator - INFO - Generating MCQ for document 65
2026-02-17 20:23:21,084 - httpx - INFO - HTTP Request: POST http://localhost:7543/v1/chat/completions "HTTP/1.1 200 OK"
2026-02-17 20:23:21,086 - mcq_generator.generator - INFO - Generated MCQ with quality score: 46.0
2026-02-17 20:23:21,108 - mcq_generator.generator - INFO - Generating MCQ for document 243
2026-02-17 20:23:47,548 - httpx - INFO - HTTP Request: POST http://localhost:7543/v1/chat/completions "HTTP/1.1 200 OK"
2026-02-17 20:23:47,549 - mcq_generator.generator - INFO - Generated MCQ with quality score: 55.1
2026-02-17 20:23:47,569 - mcq_generator.generator - INFO - Generating MCQ for document 278
2026-02-17 20:23:48,367 - httpx - INFO - HTTP Request: POST http://localhost:7543/v1/chat/completions "HTTP/1.1 200 OK"
2026-02-17 20:23:48,367 - mcq_generator.generator - INFO - Generated MCQ with quality score: 53.9
2026-02-17 20:23:48,388 - mcq_generator.generator - INFO - Generating MCQ for document 596
INFO:     127.0.0.1:39024 - "GET /jobs/api_20260218_020240_ee7a98d7 HTTP/1.1" 200 OK
2026-02-17 20:24:16,516 - httpx - INFO - HTTP Request: POST http://localhost:7543/v1/chat/completions "HTTP/1.1 200 OK"
2026-02-17 20:24:16,517 - mcq_generator.generator - INFO - Generated MCQ with quality score: 53.6
2026-02-17 20:24:16,538 - mcq_generator.generator - INFO - Generating MCQ for document 606
INFO:     127.0.0.1:36402 - "GET /jobs/api_20260218_020240_ee7a98d7 HTTP/1.1" 200 OK
2026-02-17 20:24:40,153 - httpx - INFO - HTTP Request: POST http://localhost:7543/v1/chat/completions "HTTP/1.1 200 OK"
2026-02-17 20:24:40,153 - mcq_generator.generator - INFO - Generated MCQ with quality score: 51.6
2026-02-17 20:24:40,172 - mcq_generator.generator - INFO - Generating MCQ for document 467
2026-02-17 20:25:10,203 - mcq_generator.provider_client - ERROR - Request failed (1/5): 
2026-02-17 20:25:29,141 - httpx - INFO - HTTP Request: POST http://localhost:7543/v1/chat/completions "HTTP/1.1 200 OK"
2026-02-17 20:25:29,142 - mcq_generator.generator - INFO - Generated MCQ with quality score: 49.6
2026-02-17 20:25:29,179 - mcq_generator.state_manager - INFO - Saved checkpoint api_20260218_020240_ee7a98d7_cp_20260218_022529_163212 at index 467
2026-02-17 20:25:29,179 - mcq_generator.generator - INFO - Saved checkpoint: 20 MCQs generated
2026-02-17 20:25:29,180 - mcq_generator.generator - INFO - Generating MCQ for document 393
INFO:     127.0.0.1:36700 - "GET /jobs/api_20260218_020240_ee7a98d7 HTTP/1.1" 200 OK
2026-02-17 20:25:57,180 - httpx - INFO - HTTP Request: POST http://localhost:7543/v1/chat/completions "HTTP/1.1 200 OK"
2026-02-17 20:25:57,181 - mcq_generator.generator - INFO - Generated MCQ with quality score: 57.6
2026-02-17 20:25:57,200 - mcq_generator.generator - INFO - Generating MCQ for document 350
2026-02-17 20:26:20,031 - httpx - INFO - HTTP Request: POST http://localhost:7543/v1/chat/completions "HTTP/1.1 200 OK"
2026-02-17 20:26:20,032 - mcq_generator.generator - INFO - Generated MCQ with quality score: 57.1
2026-02-17 20:26:20,052 - mcq_generator.generator - INFO - Generating MCQ for document 182
2026-02-17 20:26:50,085 - mcq_generator.provider_client - ERROR - Request failed (1/5): 
2026-02-17 20:27:14,078 - httpx - INFO - HTTP Request: POST http://localhost:7543/v1/chat/completions "HTTP/1.1 200 OK"
2026-02-17 20:27:14,079 - mcq_generator.generator - INFO - Generated MCQ with quality score: 54.8
2026-02-17 20:27:14,122 - mcq_generator.generator - INFO - Generating MCQ for document 139
2026-02-17 20:27:44,156 - mcq_generator.provider_client - ERROR - Request failed (1/5): 
2026-02-17 20:27:46,422 - httpx - INFO - HTTP Request: POST http://localhost:7543/v1/chat/completions "HTTP/1.1 200 OK"
2026-02-17 20:27:46,423 - mcq_generator.generator - INFO - Generated MCQ with quality score: 49.8
2026-02-17 20:27:46,478 - mcq_generator.generator - INFO - Generating MCQ for document 444
INFO:     127.0.0.1:56084 - "GET /jobs/api_20260218_020240_ee7a98d7 HTTP/1.1" 200 OK
2026-02-17 20:28:16,514 - mcq_generator.provider_client - ERROR - Request failed (1/5): 
2026-02-17 20:28:47,390 - httpx - INFO - HTTP Request: POST http://localhost:7543/v1/chat/completions "HTTP/1.1 200 OK"
2026-02-17 20:28:47,391 - mcq_generator.generator - INFO - Generated MCQ with quality score: 54.0
2026-02-17 20:28:47,411 - mcq_generator.generator - INFO - Generating MCQ for document 424
2026-02-17 20:29:17,443 - mcq_generator.provider_client - ERROR - Request failed (1/5): 
2026-02-17 20:29:45,678 - httpx - INFO - HTTP Request: POST http://localhost:7543/v1/chat/completions "HTTP/1.1 200 OK"
2026-02-17 20:29:45,679 - mcq_generator.generator - INFO - Generated MCQ with quality score: 57.4
2026-02-17 20:29:45,700 - mcq_generator.generator - INFO - Generating MCQ for document 482
2026-02-17 20:30:15,731 - mcq_generator.provider_client - ERROR - Request failed (1/5): 
2026-02-17 20:30:44,217 - httpx - INFO - HTTP Request: POST http://localhost:7543/v1/chat/completions "HTTP/1.1 200 OK"
2026-02-17 20:30:44,218 - mcq_generator.generator - INFO - Generated MCQ with quality score: 53.0
2026-02-17 20:30:44,243 - mcq_generator.generator - INFO - Generating MCQ for document 22
2026-02-17 20:31:11,885 - httpx - INFO - HTTP Request: POST http://localhost:7543/v1/chat/completions "HTTP/1.1 200 OK"
2026-02-17 20:31:11,886 - mcq_generator.generator - INFO - Generated MCQ with quality score: 44.5
2026-02-17 20:31:11,907 - mcq_generator.generator - INFO - Generating MCQ for document 66
2026-02-17 20:31:38,402 - httpx - INFO - HTTP Request: POST http://localhost:7543/v1/chat/completions "HTTP/1.1 200 OK"
2026-02-17 20:31:38,402 - mcq_generator.generator - INFO - Generated MCQ with quality score: 57.1
2026-02-17 20:31:38,433 - mcq_generator.generator - INFO - Job api_20260218_020240_ee7a98d7 completed: 29 MCQs generated from 29/635 documents (4.6%)
2026-02-17 20:31:38,449 - mcq_generator.api.tasks - INFO - Job api_20260218_020240_ee7a98d7 completed successfully in 1734.78s
INFO:     127.0.0.1:54770 - "GET /jobs/api_20260218_020240_ee7a98d7 HTTP/1.1" 200 OK
INFO:     127.0.0.1:51662 - "GET / HTTP/1.1" 404 Not Found
INFO:     127.0.0.1:51662 - "GET /favicon.ico HTTP/1.1" 404 Not Found
INFO:     127.0.0.1:51678 - "GET /docs HTTP/1.1" 200 OK
INFO:     127.0.0.1:51678 - "GET /openapi.json HTTP/1.1" 200 OK
INFO:     127.0.0.1:58574 - "GET /docs HTTP/1.1" 200 OK
INFO:     127.0.0.1:58574 - "GET /openapi.json HTTP/1.1" 200 OK
INFO:     127.0.0.1:37606 - "GET / HTTP/1.1" 404 Not Found
INFO:     127.0.0.1:37610 - "GET /jobs/api_20260218_020240_ee7a98d7 HTTP/1.1" 200 OK
INFO:     127.0.0.1:43756 - "GET /history HTTP/1.1" 404 Not Found
INFO:     127.0.0.1:52360 - "GET /api/v1/jobs?limit=50&offset=0&order_by=started_at+DESC HTTP/1.1" 200 OK
INFO:     127.0.0.1:52360 - "GET /api/v1/jobs?limit=50&offset=0&order_by=started_at+DESC HTTP/1.1" 200 OK
INFO:     127.0.0.1:52360 - "GET /api/v1/jobs?limit=50&offset=0&order_by=started_at+DESC HTTP/1.1" 200 OK
INFO:     127.0.0.1:52360 - "GET /api/v1/jobs?limit=50&offset=0&order_by=started_at+DESC HTTP/1.1" 200 OK
INFO:     Shutting down
INFO:     Waiting for application shutdown.
INFO:     Application shutdown complete.
INFO:     Finished server process [252653]
